Traceback (most recent call last):
  File "<frozen runpy>", line 198, in _run_module_as_main
  File "<frozen runpy>", line 88, in _run_code
  File "/home/vercel-sandbox/.local/share/uv/python/cpython-3.13.11-linux-x86_64-gnu/lib/python3.13/http/server.py", line 1345, in <module>
    test(
    ~~~~^
        HandlerClass=handler_class,
        ^^^^^^^^^^^^^^^^^^^^^^^^^^^
    ...<3 lines>...
        protocol=args.protocol,
        ^^^^^^^^^^^^^^^^^^^^^^^
    )
    ^
  File "/home/vercel-sandbox/.local/share/uv/python/cpython-3.13.11-linux-x86_64-gnu/lib/python3.13/http/server.py", line 1292, in test
    with ServerClass(addr, HandlerClass) as httpd:
         ~~~~~~~~~~~^^^^^^^^^^^^^^^^^^^^
  File "/home/vercel-sandbox/.local/share/uv/python/cpython-3.13.11-linux-x86_64-gnu/lib/python3.13/socketserver.py", line 457, in __init__
    self.server_bind()
    ~~~~~~~~~~~~~~~~^^
  File "/home/vercel-sandbox/.local/share/uv/python/cpython-3.13.11-linux-x86_64-gnu/lib/python3.13/http/server.py", line 1339, in server_bind
    return super().server_bind()
           ~~~~~~~~~~~~~~~~~~~^^
  File "/home/vercel-sandbox/.local/share/uv/python/cpython-3.13.11-linux-x86_64-gnu/lib/python3.13/http/server.py", line 140, in server_bind
    socketserver.TCPServer.server_bind(self)
    ~~~~~~~~~~~~~~~~~~~~~~~~~~~~~~~~~~^^^^^^
  File "/home/vercel-sandbox/.local/share/uv/python/cpython-3.13.11-linux-x86_64-gnu/lib/python3.13/socketserver.py", line 478, in server_bind
    self.socket.bind(self.server_address)
    ~~~~~~~~~~~~~~~~^^^^^^^^^^^^^^^^^^^^^
OSError: [Errno 98] Address already in use
